Starting project at C:\Users\maxim\Sup De Vinci\Master\UX_UI\sudoku
React Compiler enabled
Starting Metro Bundler
The following packages should be updated for best compatibility with the installed expo version:
  @react-native-community/slider@5.2.0 - expected version: 5.0.1
  expo@54.0.33 - expected version: ~54.0.34
  expo-linking@8.0.11 - expected version: ~8.0.12
  expo-web-browser@15.0.10 - expected version: ~15.0.11
Your project may not work correctly until you install the expected versions of the packages.
Waiting on http://localhost:8083
Logs for your project will appear below.
λ Bundled 2287ms node_modules\expo-router\node\render.js (724 modules)
"shadow*" style props are deprecated. Use "boxShadow".
λ  WARN  props.pointerEvents is deprecated. Use style.pointerEvents 
  console.warn (C:\Users\maxim\Sup De Vinci\Master\UX_UI\sudoku\node_modules\expo\node_modules\@expo\cli\src\start\server\serverLogLikeMetro.ts:161:21)
  warnOnce (C:\Users\maxim\Sup De Vinci\Master\UX_UI\sudoku\node_modules\react-native-web\dist\modules\warnOnce\index.js:24:13)
  createDOMProps (C:\Users\maxim\Sup De Vinci\Master\UX_UI\sudoku\node_modules\react-native-web\dist\modules\createDOMProps\index.js:805:13)
  createElement (C:\Users\maxim\Sup De Vinci\Master\UX_UI\sudoku\node_modules\react-native-web\dist\exports\createElement\index.js:23:32)
  Component (C:\Users\maxim\Sup De Vinci\Master\UX_UI\sudoku\node_modules\react-native-web\dist\exports\View\index.js:111:23)
  Object.callComponentInDEV [as react-stack-bottom-frame] (C:\Users\maxim\Sup De Vinci\Master\UX_UI\sudoku\node_modules\react-dom\cjs\react-dom-server-legacy.node.development.js:8970:18)
  renderWithHooks (C:\Users\maxim\Sup De Vinci\Master\UX_UI\sudoku\node_modules\react-dom\cjs\react-dom-server-legacy.node.development.js:4699:19)
  run (C:\Users\maxim\Sup De Vinci\Master\UX_UI\sudoku\node_modules\react-dom\cjs\react-dom-server-legacy.node.development.js:5539:39)
  retryNode (C:\Users\maxim\Sup De Vinci\Master\UX_UI\sudoku\node_modules\react-dom\cjs\react-dom-server-legacy.node.development.js:5899:31)
  renderNodeDestructive (C:\Users\maxim\Sup De Vinci\Master\UX_UI\sudoku\node_modules\react-dom\cjs\react-dom-server-legacy.node.development.js:5849:11)
Web node_modules\expo-router\entry.js ▓▓▓▓▓▓▓▓▓▓▓▓▓▓▓░ 99.9% (829/829)
Web Bundled 4386ms node_modules\expo-router\entry.js (829 modules)
Web Bundled 1995ms node_modules\expo-router\entry.js (829 modules)
Web Bundled 74ms node_modules\expo-router\entry.js (1 module)
 LOG  [web] Logs will appear in the browser console
λ Bundled 38ms node_modules\expo-router\node\render.js (1 module)
"shadow*" style props are deprecated. Use "boxShadow".
Web Bundled 400ms node_modules\expo-router\entry.js (1 module)
λ Bundled 39ms node_modules\expo-router\node\render.js (1 module)
"shadow*" style props are deprecated. Use "boxShadow".
λ  WARN  props.pointerEvents is deprecated. Use style.pointerEvents 
  console.warn (C:\Users\maxim\Sup De Vinci\Master\UX_UI\sudoku\node_modules\expo\node_modules\@expo\cli\src\start\server\serverLogLikeMetro.ts:161:21)
  warnOnce (C:\Users\maxim\Sup De Vinci\Master\UX_UI\sudoku\node_modules\react-native-web\dist\modules\warnOnce\index.js:24:13)
  createDOMProps (C:\Users\maxim\Sup De Vinci\Master\UX_UI\sudoku\node_modules\react-native-web\dist\modules\createDOMProps\index.js:805:13)
  createElement (C:\Users\maxim\Sup De Vinci\Master\UX_UI\sudoku\node_modules\react-native-web\dist\exports\createElement\index.js:23:32)
  Component (C:\Users\maxim\Sup De Vinci\Master\UX_UI\sudoku\node_modules\react-native-web\dist\exports\View\index.js:111:23)
  Object.callComponentInDEV [as react-stack-bottom-frame] (C:\Users\maxim\Sup De Vinci\Master\UX_UI\sudoku\node_modules\react-dom\cjs\react-dom-server-legacy.node.development.js:8970:18)
  renderWithHooks (C:\Users\maxim\Sup De Vinci\Master\UX_UI\sudoku\node_modules\react-dom\cjs\react-dom-server-legacy.node.development.js:4699:19)
  run (C:\Users\maxim\Sup De Vinci\Master\UX_UI\sudoku\node_modules\react-dom\cjs\react-dom-server-legacy.node.development.js:5539:39)
  retryNode (C:\Users\maxim\Sup De Vinci\Master\UX_UI\sudoku\node_modules\react-dom\cjs\react-dom-server-legacy.node.development.js:5899:31)
  renderNodeDestructive (C:\Users\maxim\Sup De Vinci\Master\UX_UI\sudoku\node_modules\react-dom\cjs\react-dom-server-legacy.node.development.js:5849:11)
Web Bundled 438ms node_modules\expo-router\entry.js (1 module)
Web node_modules\expo-router\entry.js ░░░░░░░░░░░░░░░░  0.0% (0/1)
"shadow*" style props are deprecated. Use "boxShadow".
λ Bundled 17ms node_modules\expo-router\node\render.js (1 module)
Web Bundled 214ms node_modules\expo-router\entry.js (1 module)
